Archive member included to satisfy reference by file (symbol)

c:/users/derman/scoop/apps/gcc-arm-none-eabi/current/bin/../lib/gcc/arm-none-eabi/12.2.1/thumb/v7e-m+fp/hard\libm.a(libm_a-sf_cos.o)
                              CMakeFiles/firmware.dir/UserApp/initRobot.cpp.obj (cosf)
c:/users/derman/scoop/apps/gcc-arm-none-eabi/current/bin/../lib/gcc/arm-none-eabi/12.2.1/thumb/v7e-m+fp/hard\libm.a(libm_a-sf_sin.o)
                              CMakeFiles/firmware.dir/UserApp/initRobot.cpp.obj (sinf)
c:/users/derman/scoop/apps/gcc-arm-none-eabi/current/bin/../lib/gcc/arm-none-eabi/12.2.1/thumb/v7e-m+fp/hard\libm.a(libm_a-kf_cos.o)
                              c:/users/derman/scoop/apps/gcc-arm-none-eabi/current/bin/../lib/gcc/arm-none-eabi/12.2.1/thumb/v7e-m+fp/hard\libm.a(libm_a-sf_cos.o) (__kernel_cosf)
c:/users/derman/scoop/apps/gcc-arm-none-eabi/current/bin/../lib/gcc/arm-none-eabi/12.2.1/thumb/v7e-m+fp/hard\libm.a(libm_a-kf_sin.o)
                              c:/users/derman/scoop/apps/gcc-arm-none-eabi/current/bin/../lib/gcc/arm-none-eabi/12.2.1/thumb/v7e-m+fp/hard\libm.a(libm_a-sf_cos.o) (__kernel_sinf)
c:/users/derman/scoop/apps/gcc-arm-none-eabi/current/bin/../lib/gcc/arm-none-eabi/12.2.1/thumb/v7e-m+fp/hard\libm.a(libm_a-ef_rem_pio2.o)
                              c:/users/derman/scoop/apps/gcc-arm-none-eabi/current/bin/../lib/gcc/arm-none-eabi/12.2.1/thumb/v7e-m+fp/hard\libm.a(libm_a-sf_cos.o) (__ieee754_rem_pio2f)
c:/users/derman/scoop/apps/gcc-arm-none-eabi/current/bin/../lib/gcc/arm-none-eabi/12.2.1/thumb/v7e-m+fp/hard\libm.a(libm_a-sf_fabs.o)
                              c:/users/derman/scoop/apps/gcc-arm-none-eabi/current/bin/../lib/gcc/arm-none-eabi/12.2.1/thumb/v7e-m+fp/hard\libm.a(libm_a-ef_rem_pio2.o) (fabsf)
c:/users/derman/scoop/apps/gcc-arm-none-eabi/current/bin/../lib/gcc/arm-none-eabi/12.2.1/thumb/v7e-m+fp/hard\libm.a(libm_a-kf_rem_pio2.o)
                              c:/users/derman/scoop/apps/gcc-arm-none-eabi/current/bin/../lib/gcc/arm-none-eabi/12.2.1/thumb/v7e-m+fp/hard\libm.a(libm_a-ef_rem_pio2.o) (__kernel_rem_pio2f)
c:/users/derman/scoop/apps/gcc-arm-none-eabi/current/bin/../lib/gcc/arm-none-eabi/12.2.1/thumb/v7e-m+fp/hard\libm.a(libm_a-sf_scalbn.o)
                              c:/users/derman/scoop/apps/gcc-arm-none-eabi/current/bin/../lib/gcc/arm-none-eabi/12.2.1/thumb/v7e-m+fp/hard\libm.a(libm_a-kf_rem_pio2.o) (scalbnf)
c:/users/derman/scoop/apps/gcc-arm-none-eabi/current/bin/../lib/gcc/arm-none-eabi/12.2.1/thumb/v7e-m+fp/hard\libm.a(libm_a-sf_floor.o)
                              c:/users/derman/scoop/apps/gcc-arm-none-eabi/current/bin/../lib/gcc/arm-none-eabi/12.2.1/thumb/v7e-m+fp/hard\libm.a(libm_a-kf_rem_pio2.o) (floorf)
c:/users/derman/scoop/apps/gcc-arm-none-eabi/current/bin/../lib/gcc/arm-none-eabi/12.2.1/thumb/v7e-m+fp/hard\libc_nano.a(libc_a-exit.o)
                              c:/users/derman/scoop/apps/gcc-arm-none-eabi/current/bin/../lib/gcc/arm-none-eabi/12.2.1/thumb/v7e-m+fp/hard/crt0.o (exit)
c:/users/derman/scoop/apps/gcc-arm-none-eabi/current/bin/../lib/gcc/arm-none-eabi/12.2.1/thumb/v7e-m+fp/hard\libc_nano.a(libc_a-findfp.o)
                              c:/users/derman/scoop/apps/gcc-arm-none-eabi/current/bin/../lib/gcc/arm-none-eabi/12.2.1/thumb/v7e-m+fp/hard\libc_nano.a(libc_a-exit.o) (__stdio_exit_handler)
c:/users/derman/scoop/apps/gcc-arm-none-eabi/current/bin/../lib/gcc/arm-none-eabi/12.2.1/thumb/v7e-m+fp/hard\libc_nano.a(libc_a-fwalk.o)
                              c:/users/derman/scoop/apps/gcc-arm-none-eabi/current/bin/../lib/gcc/arm-none-eabi/12.2.1/thumb/v7e-m+fp/hard\libc_nano.a(libc_a-findfp.o) (_fwalk_sglue)
c:/users/derman/scoop/apps/gcc-arm-none-eabi/current/bin/../lib/gcc/arm-none-eabi/12.2.1/thumb/v7e-m+fp/hard\libc_nano.a(libc_a-stdio.o)
                              c:/users/derman/scoop/apps/gcc-arm-none-eabi/current/bin/../lib/gcc/arm-none-eabi/12.2.1/thumb/v7e-m+fp/hard\libc_nano.a(libc_a-findfp.o) (__sread)
c:/users/derman/scoop/apps/gcc-arm-none-eabi/current/bin/../lib/gcc/arm-none-eabi/12.2.1/thumb/v7e-m+fp/hard\libc_nano.a(libc_a-memset.o)
                              c:/users/derman/scoop/apps/gcc-arm-none-eabi/current/bin/../lib/gcc/arm-none-eabi/12.2.1/thumb/v7e-m+fp/hard/crt0.o (memset)
c:/users/derman/scoop/apps/gcc-arm-none-eabi/current/bin/../lib/gcc/arm-none-eabi/12.2.1/thumb/v7e-m+fp/hard\libc_nano.a(libc_a-closer.o)
                              c:/users/derman/scoop/apps/gcc-arm-none-eabi/current/bin/../lib/gcc/arm-none-eabi/12.2.1/thumb/v7e-m+fp/hard\libc_nano.a(libc_a-stdio.o) (_close_r)
c:/users/derman/scoop/apps/gcc-arm-none-eabi/current/bin/../lib/gcc/arm-none-eabi/12.2.1/thumb/v7e-m+fp/hard\libc_nano.a(libc_a-reent.o)
                              c:/users/derman/scoop/apps/gcc-arm-none-eabi/current/bin/../lib/gcc/arm-none-eabi/12.2.1/thumb/v7e-m+fp/hard\libc_nano.a(libc_a-closer.o) (errno)
[...]
Memory Configuration

Name             Origin             Length             Attributes
RAM              0x20000000         0x00018000         xrw
FLASH            0x08000000         0x00080000         xr
*default*        0x00000000         0xffffffff

Linker script and memory map

LOAD c:/users/derman/scoop/apps/gcc-arm-none-eabi/current/bin/../lib/gcc/arm-none-eabi/12.2.1/thumb/v7e-m+fp/hard/crti.o
LOAD c:/users/derman/scoop/apps/gcc-arm-none-eabi/current/bin/../lib/gcc/arm-none-eabi/12.2.1/thumb/v7e-m+fp/hard/crtbegin.o
LOAD c:/users/derman/scoop/apps/gcc-arm-none-eabi/current/bin/../lib/gcc/arm-none-eabi/12.2.1/thumb/v7e-m+fp/hard/crt0.o
START GROUP
LOAD c:/users/derman/scoop/apps/gcc-arm-none-eabi/current/bin/../lib/gcc/arm-none-eabi/12.2.1/thumb/v7e-m+fp/hard\libstdc++_nano.a
END GROUP
LOAD CMakeFiles/firmware.dir/Core/Src/main.c.obj
LOAD CMakeFiles/firmware.dir/Core/Src/stm32f4xx_hal_msp.c.obj
LOAD CMakeFiles/firmware.dir/Core/Src/stm32f4xx_it.c.obj
LOAD CMakeFiles/firmware.dir/Core/Src/system_stm32f4xx.c.obj
LOAD CMakeFiles/firmware.dir/Drivers/STM32F4xx_HAL_Driver/Src/stm32f4xx_hal.c.obj
LOAD CMakeFiles/firmware.dir/Drivers/STM32F4xx_HAL_Driver/Src/stm32f4xx_hal_cortex.c.obj
LOAD CMakeFiles/firmware.dir/Drivers/STM32F4xx_HAL_Driver/Src/stm32f4xx_hal_dma.c.obj
LOAD CMakeFiles/firmware.dir/Drivers/STM32F4xx_HAL_Driver/Src/stm32f4xx_hal_dma_ex.c.obj
LOAD CMakeFiles/firmware.dir/Drivers/STM32F4xx_HAL_Driver/Src/stm32f4xx_hal_exti.c.obj
LOAD CMakeFiles/firmware.dir/Drivers/STM32F4xx_HAL_Driver/Src/stm32f4xx_hal_flash.c.obj
LOAD CMakeFiles/firmware.dir/Drivers/STM32F4xx_HAL_Driver/Src/stm32f4xx_hal_flash_ex.c.obj
LOAD CMakeFiles/firmware.dir/Drivers/STM32F4xx_HAL_Driver/Src/stm32f4xx_hal_flash_ramfunc.c.obj
LOAD CMakeFiles/firmware.dir/Drivers/STM32F4xx_HAL_Driver/Src/stm32f4xx_hal_gpio.c.obj
LOAD CMakeFiles/firmware.dir/Drivers/STM32F4xx_HAL_Driver/Src/stm32f4xx_hal_pwr.c.obj
LOAD CMakeFiles/firmware.dir/Drivers/STM32F4xx_HAL_Driver/Src/stm32f4xx_hal_pwr_ex.c.obj
LOAD CMakeFiles/firmware.dir/Drivers/STM32F4xx_HAL_Driver/Src/stm32f4xx_hal_rcc.c.obj
LOAD CMakeFiles/firmware.dir/Drivers/STM32F4xx_HAL_Driver/Src/stm32f4xx_hal_rcc_ex.c.obj
LOAD CMakeFiles/firmware.dir/Drivers/STM32F4xx_HAL_Driver/Src/stm32f4xx_hal_tim.c.obj
LOAD CMakeFiles/firmware.dir/Drivers/STM32F4xx_HAL_Driver/Src/stm32f4xx_hal_tim_ex.c.obj
LOAD CMakeFiles/firmware.dir/CubeMx/startup_stm32f401xe.s.obj
LOAD CMakeFiles/firmware.dir/UserApp/initRobot.cpp.obj
LOAD c:/users/derman/scoop/apps/gcc-arm-none-eabi/current/bin/../lib/gcc/arm-none-eabi/12.2.1/thumb/v7e-m+fp/hard\libstdc++_nano.a
LOAD c:/users/derman/scoop/apps/gcc-arm-none-eabi/current/bin/../lib/gcc/arm-none-eabi/12.2.1/thumb/v7e-m+fp/hard\libm.a
LOAD c:/users/derman/scoop/apps/gcc-arm-none-eabi/current/bin/../lib/gcc/arm-none-eabi/12.2.1/thumb/v7e-m+fp/hard\libc_nano.a
START GROUP
LOAD c:/users/derman/scoop/apps/gcc-arm-none-eabi/current/bin/../lib/gcc/arm-none-eabi/12.2.1/thumb/v7e-m+fp/hard\libgcc.a
LOAD c:/users/derman/scoop/apps/gcc-arm-none-eabi/current/bin/../lib/gcc/arm-none-eabi/12.2.1/thumb/v7e-m+fp/hard\libg_nano.a
LOAD c:/users/derman/scoop/apps/gcc-arm-none-eabi/current/bin/../lib/gcc/arm-none-eabi/12.2.1/thumb/v7e-m+fp/hard\libc_nano.a
END GROUP
START GROUP
LOAD c:/users/derman/scoop/apps/gcc-arm-none-eabi/current/bin/../lib/gcc/arm-none-eabi/12.2.1/thumb/v7e-m+fp/hard\libgcc.a
LOAD c:/users/derman/scoop/apps/gcc-arm-none-eabi/current/bin/../lib/gcc/arm-none-eabi/12.2.1/thumb/v7e-m+fp/hard\libc_nano.a
LOAD c:/users/derman/scoop/apps/gcc-arm-none-eabi/current/bin/../lib/gcc/arm-none-eabi/12.2.1/thumb/v7e-m+fp/hard\libnosys.a
END GROUP
START GROUP
LOAD c:/users/derman/scoop/apps/gcc-arm-none-eabi/current/bin/../lib/gcc/arm-none-eabi/12.2.1/thumb/v7e-m+fp/hard\libgcc.a
LOAD c:/users/derman/scoop/apps/gcc-arm-none-eabi/current/bin/../lib/gcc/arm-none-eabi/12.2.1/thumb/v7e-m+fp/hard\libc_nano.a
LOAD c:/users/derman/scoop/apps/gcc-arm-none-eabi/current/bin/../lib/gcc/arm-none-eabi/12.2.1/thumb/v7e-m+fp/hard\libnosys.a
END GROUP
LOAD c:/users/derman/scoop/apps/gcc-arm-none-eabi/current/bin/../lib/gcc/arm-none-eabi/12.2.1/thumb/v7e-m+fp/hard/crtend.o
LOAD c:/users/derman/scoop/apps/gcc-arm-none-eabi/current/bin/../lib/gcc/arm-none-eabi/12.2.1/thumb/v7e-m+fp/hard/crtn.o
                0x20018000                _estack = (ORIGIN (RAM) + LENGTH (RAM))
                0x00000200                _Min_Heap_Size = 0x200
                0x00000400                _Min_Stack_Size = 0x400

.isr_vector     0x08000000      0x194
                0x08000000                . = ALIGN (0x4)
 *(.isr_vector)
 .isr_vector    0x08000000      0x194 CMakeFiles/firmware.dir/CubeMx/startup_stm32f401xe.s.obj
                0x08000000                g_pfnVectors
                0x08000194                . = ALIGN (0x4)

.text           0x08000194     0x1bac
                0x08000194                . = ALIGN (0x4)
 *(.text)
 .text          0x08000194       0x30 c:/users/derman/scoop/apps/gcc-arm-none-eabi/current/bin/../lib/gcc/arm-none-eabi/12.2.1/thumb/v7e-m+fp/hard\libgcc.a(_aeabi_uldivmod.o)
                0x08000194                __aeabi_uldivmod
 .text          0x080001c4        0x4 c:/users/derman/scoop/apps/gcc-arm-none-eabi/current/bin/../lib/gcc/arm-none-eabi/12.2.1/thumb/v7e-m+fp/hard\libgcc.a(_dvmd_tls.o)
                0x080001c4                __aeabi_idiv0
                0x080001c4                __aeabi_ldiv0
 *(.text*)
 .text.deregister_tm_clones
                0x080001c8       0x1c c:/users/derman/scoop/apps/gcc-arm-none-eabi/current/bin/../lib/gcc/arm-none-eabi/12.2.1/thumb/v7e-m+fp/hard/crtbegin.o
 .text.register_tm_clones
                0x080001e4       0x24 c:/users/derman/scoop/apps/gcc-arm-none-eabi/current/bin/../lib/gcc/arm-none-eabi/12.2.1/thumb/v7e-m+fp/hard/crtbegin.o
 .text.__do_global_dtors_aux
                0x08000208       0x28 c:/users/derman/scoop/apps/gcc-arm-none-eabi/current/bin/../lib/gcc/arm-none-eabi/12.2.1/thumb/v7e-m+fp/hard/crtbegin.o
 .text.frame_dummy
                0x08000230       0x24 c:/users/derman/scoop/apps/gcc-arm-none-eabi/current/bin/../lib/gcc/arm-none-eabi/12.2.1/thumb/v7e-m+fp/hard/crtbegin.o
 .text.Error_Handler
                0x08000254        0x4 CMakeFiles/firmware.dir/Core/Src/main.c.obj
                0x08000254                Error_Handler
 .text.SystemClock_Config
                0x08000258       0x8c CMakeFiles/firmware.dir/Core/Src/main.c.obj
                0x08000258                SystemClock_Config
 .text.main     0x080002e4       0x10 CMakeFiles/firmware.dir/Core/Src/main.c.obj
                0x080002e4                main
 .text.HAL_MspInit
                0x080002f4       0x38 CMakeFiles/firmware.dir/Core/Src/stm32f4xx_hal_msp.c.obj
                0x080002f4                HAL_MspInit
 .text.NMI_Handler
                0x0800032c        0x2 CMakeFiles/firmware.dir/Core/Src/stm32f4xx_it.c.obj
                0x0800032c                NMI_Handler
 .text.HardFault_Handler
                0x0800032e        0x2 CMakeFiles/firmware.dir/Core/Src/stm32f4xx_it.c.obj
                0x0800032e                HardFault_Handler
 .text.MemManage_Handler
                0x08000330        0x2 CMakeFiles/firmware.dir/Core/Src/stm32f4xx_it.c.obj
                0x08000330                MemManage_Handler
 .text.BusFault_Handler
                0x08000332        0x2 CMakeFiles/firmware.dir/Core/Src/stm32f4xx_it.c.obj
                0x08000332                BusFault_Handler
 .text.UsageFault_Handler
                0x08000334        0x2 CMakeFiles/firmware.dir/Core/Src/stm32f4xx_it.c.obj
                0x08000334                UsageFault_Handler
 .text.SVC_Handler
                0x08000336        0x2 CMakeFiles/firmware.dir/Core/Src/stm32f4xx_it.c.obj
                0x08000336                SVC_Handler
 .text.DebugMon_Handler
                0x08000338        0x2 CMakeFiles/firmware.dir/Core/Src/stm32f4xx_it.c.obj
                0x08000338                DebugMon_Handler
 .text.PendSV_Handler
                0x0800033a        0x2 CMakeFiles/firmware.dir/Core/Src/stm32f4xx_it.c.obj
                0x0800033a                PendSV_Handler
 .text.SysTick_Handler
                0x0800033c        0x8 CMakeFiles/firmware.dir/Core/Src/stm32f4xx_it.c.obj
                0x0800033c                SysTick_Handler
 .text.SystemInit
                0x08000344       0x14 CMakeFiles/firmware.dir/Core/Src/system_stm32f4xx.c.obj
                0x08000344                SystemInit
 .text.HAL_InitTick
                0x08000358       0x4c CMakeFiles/firmware.dir/Drivers/STM32F4xx_HAL_Driver/Src/stm32f4xx_hal.c.obj
                0x08000358                HAL_InitTick
 .text.HAL_Init
                0x080003a4       0x34 CMakeFiles/firmware.dir/Drivers/STM32F4xx_HAL_Driver/Src/stm32f4xx_hal.c.obj
                0x080003a4                HAL_Init
 .text.HAL_IncTick
                0x080003d8       0x18 CMakeFiles/firmware.dir/Drivers/STM32F4xx_HAL_Driver/Src/stm32f4xx_hal.c.obj
                0x080003d8                HAL_IncTick
 .text.HAL_GetTick
                0x080003f0        0xc CMakeFiles/firmware.dir/Drivers/STM32F4xx_HAL_Driver/Src/stm32f4xx_hal.c.obj
                0x080003f0                HAL_GetTick
 .text.__NVIC_SetPriority
                0x080003fc       0x28 CMakeFiles/firmware.dir/Drivers/STM32F4xx_HAL_Driver/Src/stm32f4xx_hal_cortex.c.obj
 .text.NVIC_EncodePriority
                0x08000424       0x3e CMakeFiles/firmware.dir/Drivers/STM32F4xx_HAL_Driver/Src/stm32f4xx_hal_cortex.c.obj
 *fill*         0x08000462        0x2 
 .text.HAL_NVIC_SetPriorityGrouping
                0x08000464       0x24 CMakeFiles/firmware.dir/Drivers/STM32F4xx_HAL_Driver/Src/stm32f4xx_hal_cortex.c.obj
                0x08000464                HAL_NVIC_SetPriorityGrouping
 .text.HAL_NVIC_SetPriority
                0x08000488       0x20 CMakeFiles/firmware.dir/Drivers/STM32F4xx_HAL_Driver/Src/stm32f4xx_hal_cortex.c.obj
                0x08000488                HAL_NVIC_SetPriority
 .text.HAL_SYSTICK_Config
                0x080004a8       0x28 CMakeFiles/firmware.dir/Drivers/STM32F4xx_HAL_Driver/Src/stm32f4xx_hal_cortex.c.obj
                0x080004a8                HAL_SYSTICK_Config
 .text.HAL_RCC_OscConfig
                0x080004d0      0x3f8 CMakeFiles/firmware.dir/Drivers/STM32F4xx_HAL_Driver/Src/stm32f4xx_hal_rcc.c.obj
                0x080004d0                HAL_RCC_OscConfig
 .text.HAL_RCC_GetSysClockFreq
                0x080008c8       0xa8 CMakeFiles/firmware.dir/Drivers/STM32F4xx_HAL_Driver/Src/stm32f4xx_hal_rcc.c.obj
                0x080008c8                HAL_RCC_GetSysClockFreq
 .text.HAL_RCC_ClockConfig
                0x08000970      0x160 CMakeFiles/firmware.dir/Drivers/STM32F4xx_HAL_Driver/Src/stm32f4xx_hal_rcc.c.obj
                0x08000970                HAL_RCC_ClockConfig
 .text.Reset_Handler
                0x08000ad0       0x50 CMakeFiles/firmware.dir/CubeMx/startup_stm32f401xe.s.obj
                0x08000ad0                Reset_Handler
 .text.Default_Handler
                0x08000b20        0x2 CMakeFiles/firmware.dir/CubeMx/startup_stm32f401xe.s.obj
                0x08000b20                RTC_Alarm_IRQHandler
                0x08000b20                EXTI2_IRQHandler
                0x08000b20                SPI4_IRQHandler
                0x08000b20                TIM1_CC_IRQHandler
                0x08000b20                DMA2_Stream5_IRQHandler
                0x08000b20                DMA1_Stream5_IRQHandler
                0x08000b20                PVD_IRQHandler
                0x08000b20                SDIO_IRQHandler
                0x08000b20                TAMP_STAMP_IRQHandler
                0x08000b20                EXTI3_IRQHandler
                0x08000b20                TIM1_UP_TIM10_IRQHandler
                0x08000b20                I2C3_ER_IRQHandler
                0x08000b20                EXTI0_IRQHandler
                0x08000b20                I2C2_EV_IRQHandler
                0x08000b20                DMA1_Stream2_IRQHandler
                0x08000b20                FPU_IRQHandler
                0x08000b20                DMA2_Stream2_IRQHandler
                0x08000b20                SPI1_IRQHandler
                0x08000b20                TIM1_BRK_TIM9_IRQHandler
                0x08000b20                DMA2_Stream3_IRQHandler
                0x08000b20                USART6_IRQHandler
                0x08000b20                DMA2_Stream0_IRQHandler
                0x08000b20                TIM4_IRQHandler
                0x08000b20                I2C1_EV_IRQHandler
                0x08000b20                DMA1_Stream6_IRQHandler
                0x08000b20                DMA1_Stream1_IRQHandler
                0x08000b20                TIM3_IRQHandler
                0x08000b20                RCC_IRQHandler
                0x08000b20                Default_Handler
                0x08000b20                EXTI15_10_IRQHandler
                0x08000b20                ADC_IRQHandler
                0x08000b20                DMA1_Stream7_IRQHandler
                0x08000b20                TIM5_IRQHandler
                0x08000b20                DMA2_Stream7_IRQHandler
                0x08000b20                I2C3_EV_IRQHandler
                0x08000b20                EXTI9_5_IRQHandler
                0x08000b20                RTC_WKUP_IRQHandler
                0x08000b20                SPI2_IRQHandler
                0x08000b20                DMA1_Stream0_IRQHandler
                0x08000b20                EXTI4_IRQHandler
                0x08000b20                WWDG_IRQHandler
                0x08000b20                TIM2_IRQHandler
                0x08000b20                OTG_FS_WKUP_IRQHandler
                0x08000b20                TIM1_TRG_COM_TIM11_IRQHandler
                0x08000b20                EXTI1_IRQHandler
                0x08000b20                USART2_IRQHandler
                0x08000b20                I2C2_ER_IRQHandler
                0x08000b20                DMA2_Stream1_IRQHandler
                0x08000b20                FLASH_IRQHandler
                0x08000b20                DMA2_Stream4_IRQHandler
                0x08000b20                USART1_IRQHandler
                0x08000b20                OTG_FS_IRQHandler
                0x08000b20                SPI3_IRQHandler
                0x08000b20                DMA1_Stream4_IRQHandler
                0x08000b20                I2C1_ER_IRQHandler
                0x08000b20                DMA2_Stream6_IRQHandler
                0x08000b20                DMA1_Stream3_IRQHandler
 .text._ZN14RobotKinematicIfLj6EE27calculateTransformsMatricesEv
                0x08000b22       0xbc CMakeFiles/firmware.dir/UserApp/initRobot.cpp.obj
                0x08000b22                RobotKinematic<float, 6u>::calculateTransformsMatrices()
 .text._Z13matrixProductIfLj4ELj4EEvRKSt5arrayIS0_IT_XT1_EEXT0_EES5_RS3_
                0x08000bde       0x5c CMakeFiles/firmware.dir/UserApp/initRobot.cpp.obj
                0x08000bde                void matrixProduct<float, 4u, 4u>(std::array<std::array<float, 4u>, 4u> const&, std::array<std::array<float, 4u>, 4u> const&, std::array<std::array<float, 4u>, 4u>&)
 .text._ZN14RobotKinematicIfLj6EE30calculateGlobalTransformMatrixEv
                0x08000c3a       0x7e CMakeFiles/firmware.dir/UserApp/initRobot.cpp.obj
                0x08000c3a                RobotKinematic<float, 6u>::calculateGlobalTransformMatrix()
 .text.initInstance
                0x08000cb8       0x64 CMakeFiles/firmware.dir/UserApp/initRobot.cpp.obj
                0x08000cb8                initInstance
 .text.cosf     0x08000d1c       0x70 c:/users/derman/scoop/apps/gcc-arm-none-eabi/current/bin/../lib/gcc/arm-none-eabi/12.2.1/thumb/v7e-m+fp/hard\libm.a(libm_a-sf_cos.o)
                0x08000d1c                cosf
 .text.sinf     0x08000d8c       0x74 c:/users/derman/scoop/apps/gcc-arm-none-eabi/current/bin/../lib/gcc/arm-none-eabi/12.2.1/thumb/v7e-m+fp/hard\libm.a(libm_a-sf_sin.o)
                0x08000d8c                sinf
 .text.__kernel_cosf
                0x08000e00      0x104 c:/users/derman/scoop/apps/gcc-arm-none-eabi/current/bin/../lib/gcc/arm-none-eabi/12.2.1/thumb/v7e-m+fp/hard\libm.a(libm_a-kf_cos.o)
                0x08000e00                __kernel_cosf
 .text.__kernel_sinf
                0x08000f04       0x90 c:/users/derman/scoop/apps/gcc-arm-none-eabi/current/bin/../lib/gcc/arm-none-eabi/12.2.1/thumb/v7e-m+fp/hard\libm.a(libm_a-kf_sin.o)
                0x08000f04                __kernel_sinf
 .text.__ieee754_rem_pio2f
                0x08000f94      0x260 c:/users/derman/scoop/apps/gcc-arm-none-eabi/current/bin/../lib/gcc/arm-none-eabi/12.2.1/thumb/v7e-m+fp/hard\libm.a(libm_a-ef_rem_pio2.o)
                0x08000f94                __ieee754_rem_pio2f
 .text.fabsf    0x080011f4       0x10 c:/users/derman/scoop/apps/gcc-arm-none-eabi/current/bin/../lib/gcc/arm-none-eabi/12.2.1/thumb/v7e-m+fp/hard\libm.a(libm_a-sf_fabs.o)
                0x080011f4                fabsf
 .text.__kernel_rem_pio2f
                0x08001204      0x67c c:/users/derman/scoop/apps/gcc-arm-none-eabi/current/bin/../lib/gcc/arm-none-eabi/12.2.1/thumb/v7e-m+fp/hard\libm.a(libm_a-kf_rem_pio2.o)
                0x08001204                __kernel_rem_pio2f
 .text.scalbnf  0x08001880       0xe4 c:/users/derman/scoop/apps/gcc-arm-none-eabi/current/bin/../lib/gcc/arm-none-eabi/12.2.1/thumb/v7e-m+fp/hard\libm.a(libm_a-sf_scalbn.o)
                0x08001880                scalbnf
 .text.floorf   0x08001964       0x94 c:/users/derman/scoop/apps/gcc-arm-none-eabi/current/bin/../lib/gcc/arm-none-eabi/12.2.1/thumb/v7e-m+fp/hard\libm.a(libm_a-sf_floor.o)
                0x08001964                floorf
 .text.memset   0x080019f8       0x10 c:/users/derman/scoop/apps/gcc-arm-none-eabi/current/bin/../lib/gcc/arm-none-eabi/12.2.1/thumb/v7e-m+fp/hard\libc_nano.a(libc_a-memset.o)
                0x080019f8                memset
 .text.__libc_init_array
                0x08001a08       0x48 c:/users/derman/scoop/apps/gcc-arm-none-eabi/current/bin/../lib/gcc/arm-none-eabi/12.2.1/thumb/v7e-m+fp/hard\libc_nano.a(libc_a-init.o)
                0x08001a08                __libc_init_array
 .text.memcpy   0x08001a50       0x1c c:/users/derman/scoop/apps/gcc-arm-none-eabi/current/bin/../lib/gcc/arm-none-eabi/12.2.1/thumb/v7e-m+fp/hard\libc_nano.a(libc_a-memcpy-stub.o)
                0x08001a50                memcpy
 .text.__udivmoddi4
                0x08001a6c      0x2bc c:/users/derman/scoop/apps/gcc-arm-none-eabi/current/bin/../lib/gcc/arm-none-eabi/12.2.1/thumb/v7e-m+fp/hard\libgcc.a(_udivmoddi4.o)
                0x08001a6c                __udivmoddi4
 *(.glue_7)
 .glue_7        0x08001d28        0x0 linker stubs
 *(.glue_7t)
 .glue_7t       0x08001d28        0x0 linker stubs
 *(.eh_frame)
 .eh_frame      0x08001d28        0x0 c:/users/derman/scoop/apps/gcc-arm-none-eabi/current/bin/../lib/gcc/arm-none-eabi/12.2.1/thumb/v7e-m+fp/hard/crtbegin.o
 *(.init)
 .init          0x08001d28        0x4 c:/users/derman/scoop/apps/gcc-arm-none-eabi/current/bin/../lib/gcc/arm-none-eabi/12.2.1/thumb/v7e-m+fp/hard/crti.o
                0x08001d28                _init
 .init          0x08001d2c        0x8 c:/users/derman/scoop/apps/gcc-arm-none-eabi/current/bin/../lib/gcc/arm-none-eabi/12.2.1/thumb/v7e-m+fp/hard/crtn.o
 *(.fini)
 .fini          0x08001d34        0x4 c:/users/derman/scoop/apps/gcc-arm-none-eabi/current/bin/../lib/gcc/arm-none-eabi/12.2.1/thumb/v7e-m+fp/hard/crti.o
                0x08001d34                _fini
 .fini          0x08001d38        0x8 c:/users/derman/scoop/apps/gcc-arm-none-eabi/current/bin/../lib/gcc/arm-none-eabi/12.2.1/thumb/v7e-m+fp/hard/crtn.o
                0x08001d40                . = ALIGN (0x4)
                0x08001d40                _etext = .

.vfp11_veneer   0x08001d40        0x0
 .vfp11_veneer  0x08001d40        0x0 linker stubs

.v4_bx          0x08001d40        0x0
 .v4_bx         0x08001d40        0x0 linker stubs

.iplt           0x08001d40        0x0
 .iplt          0x08001d40        0x0 c:/users/derman/scoop/apps/gcc-arm-none-eabi/current/bin/../lib/gcc/arm-none-eabi/12.2.1/thumb/v7e-m+fp/hard/crtbegin.o

.rodata         0x08001d40      0x440
                0x08001d40                . = ALIGN (0x4)
 *(.rodata)
 .rodata        0x08001d40       0x60 CMakeFiles/firmware.dir/UserApp/initRobot.cpp.obj
 *(.rodata*)
 .rodata.AHBPrescTable
                0x08001da0       0x10 CMakeFiles/firmware.dir/Core/Src/system_stm32f4xx.c.obj
                0x08001da0                AHBPrescTable
 .rodata.npio2_hw
                0x08001db0       0x80 c:/users/derman/scoop/apps/gcc-arm-none-eabi/current/bin/../lib/gcc/arm-none-eabi/12.2.1/thumb/v7e-m+fp/hard\libm.a(libm_a-ef_rem_pio2.o)
 .rodata.two_over_pi
                0x08001e30      0x318 c:/users/derman/scoop/apps/gcc-arm-none-eabi/current/bin/../lib/gcc/arm-none-eabi/12.2.1/thumb/v7e-m+fp/hard\libm.a(libm_a-ef_rem_pio2.o)
 .rodata.PIo2   0x08002148       0x2c c:/users/derman/scoop/apps/gcc-arm-none-eabi/current/bin/../lib/gcc/arm-none-eabi/12.2.1/thumb/v7e-m+fp/hard\libm.a(libm_a-kf_rem_pio2.o)
 .rodata.init_jk
                0x08002174        0xc c:/users/derman/scoop/apps/gcc-arm-none-eabi/current/bin/../lib/gcc/arm-none-eabi/12.2.1/thumb/v7e-m+fp/hard\libm.a(libm_a-kf_rem_pio2.o)
                0x08002180                . = ALIGN (0x4)

.ARM.extab
 *(.ARM.extab* .gnu.linkonce.armextab.*)

.ARM            0x08002180        0x8
                0x08002180                __exidx_start = .
 *(.ARM.exidx*)
 .ARM.exidx.text.__udivmoddi4
                0x08002180        0x8 c:/users/derman/scoop/apps/gcc-arm-none-eabi/current/bin/../lib/gcc/arm-none-eabi/12.2.1/thumb/v7e-m+fp/hard\libgcc.a(_udivmoddi4.o)
                0x08002188                __exidx_end = .

.rel.dyn        0x08002188        0x0
 .rel.iplt      0x08002188        0x0 c:/users/derman/scoop/apps/gcc-arm-none-eabi/current/bin/../lib/gcc/arm-none-eabi/12.2.1/thumb/v7e-m+fp/hard/crtbegin.o

.preinit_array  0x08002188        0x0
                0x08002188                PROVIDE (__preinit_array_start = .)
 *(.preinit_array*)
                0x08002188                PROVIDE (__preinit_array_end = .)

.init_array     0x08002188        0x4
                0x08002188                PROVIDE (__init_array_start = .)
 *(SORT_BY_NAME(.init_array.*))
 *(.init_array*)
 .init_array    0x08002188        0x4 c:/users/derman/scoop/apps/gcc-arm-none-eabi/current/bin/../lib/gcc/arm-none-eabi/12.2.1/thumb/v7e-m+fp/hard/crtbegin.o
                0x0800218c                PROVIDE (__init_array_end = .)

.fini_array     0x0800218c        0x4
                [!provide]                PROVIDE (__fini_array_start = .)
 *(SORT_BY_NAME(.fini_array.*))
 *(.fini_array*)
 .fini_array    0x0800218c        0x4 c:/users/derman/scoop/apps/gcc-arm-none-eabi/current/bin/../lib/gcc/arm-none-eabi/12.2.1/thumb/v7e-m+fp/hard/crtbegin.o
                [!provide]                PROVIDE (__fini_array_end = .)
                0x08002190                _sidata = LOADADDR (.data)

.data           0x20000000        0xc load address 0x08002190
                0x20000000                . = ALIGN (0x4)
                0x20000000                _sdata = .
 *(.data)
 *(.data*)
 .data.SystemCoreClock
                0x20000000        0x4 CMakeFiles/firmware.dir/Core/Src/system_stm32f4xx.c.obj
                0x20000000                SystemCoreClock
 .data.uwTickFreq
                0x20000004        0x1 CMakeFiles/firmware.dir/Drivers/STM32F4xx_HAL_Driver/Src/stm32f4xx_hal.c.obj
                0x20000004                uwTickFreq
 *fill*         0x20000005        0x3 
 .data.uwTickPrio
                0x20000008        0x4 CMakeFiles/firmware.dir/Drivers/STM32F4xx_HAL_Driver/Src/stm32f4xx_hal.c.obj
                0x20000008                uwTickPrio
                0x2000000c                . = ALIGN (0x4)
                0x2000000c                _edata = .

.tm_clone_table
                0x2000000c        0x0 load address 0x0800219c
 .tm_clone_table
                0x2000000c        0x0 c:/users/derman/scoop/apps/gcc-arm-none-eabi/current/bin/../lib/gcc/arm-none-eabi/12.2.1/thumb/v7e-m+fp/hard/crtbegin.o
 .tm_clone_table
                0x2000000c        0x0 c:/users/derman/scoop/apps/gcc-arm-none-eabi/current/bin/../lib/gcc/arm-none-eabi/12.2.1/thumb/v7e-m+fp/hard/crtend.o

.igot.plt       0x2000000c        0x0 load address 0x0800219c
 .igot.plt      0x2000000c        0x0 c:/users/derman/scoop/apps/gcc-arm-none-eabi/current/bin/../lib/gcc/arm-none-eabi/12.2.1/thumb/v7e-m+fp/hard/crtbegin.o
                0x2000000c                . = ALIGN (0x4)

.bss            0x2000000c       0x20 load address 0x0800219c
                0x2000000c                _sbss = .
                0x2000000c                __bss_start__ = _sbss
 *(.bss)
 *(.bss*)
 .bss.completed.1
                0x2000000c        0x1 c:/users/derman/scoop/apps/gcc-arm-none-eabi/current/bin/../lib/gcc/arm-none-eabi/12.2.1/thumb/v7e-m+fp/hard/crtbegin.o
 *fill*         0x2000000d        0x3 
 .bss.object.0  0x20000010       0x18 c:/users/derman/scoop/apps/gcc-arm-none-eabi/current/bin/../lib/gcc/arm-none-eabi/12.2.1/thumb/v7e-m+fp/hard/crtbegin.o
 .bss.uwTick    0x20000028        0x4 CMakeFiles/firmware.dir/Drivers/STM32F4xx_HAL_Driver/Src/stm32f4xx_hal.c.obj
                0x20000028                uwTick
 *(COMMON)
                0x2000002c                . = ALIGN (0x4)
                0x2000002c                _ebss = .
                0x2000002c                __bss_end__ = _ebss

._user_heap_stack
                0x2000002c      0x604 load address 0x0800219c
                0x20000030                . = ALIGN (0x8)
 *fill*         0x2000002c        0x4 
                0x20000030                PROVIDE (end = .)
                [!provide]                PROVIDE (_end = .)
                0x20000230                . = (. + _Min_Heap_Size)
 *fill*         0x20000030      0x200 
                0x20000630                . = (. + _Min_Stack_Size)
 *fill*         0x20000230      0x400 
                0x20000630                . = ALIGN (0x8)

/DISCARD/
 libc.a(*)
 libm.a(*)
 libgcc.a(*)

.ARM.attributes
                0x00000000       0x30
 *(.ARM.attributes)
 .ARM.attributes
                0x00000000       0x22 c:/users/derman/scoop/apps/gcc-arm-none-eabi/current/bin/../lib/gcc/arm-none-eabi/12.2.1/thumb/v7e-m+fp/hard/crti.o
 .ARM.attributes
                0x00000022       0x34 c:/users/derman/scoop/apps/gcc-arm-none-eabi/current/bin/../lib/gcc/arm-none-eabi/12.2.1/thumb/v7e-m+fp/hard/crtbegin.o
 .ARM.attributes
                0x00000056       0x34 CMakeFiles/firmware.dir/Core/Src/main.c.obj
 .ARM.attributes
                0x0000008a       0x34 CMakeFiles/firmware.dir/Core/Src/stm32f4xx_hal_msp.c.obj
 .ARM.attributes
                0x000000be       0x34 CMakeFiles/firmware.dir/Core/Src/stm32f4xx_it.c.obj
 .ARM.attributes
                0x000000f2       0x34 CMakeFiles/firmware.dir/Core/Src/system_stm32f4xx.c.obj
 .ARM.attributes
                0x00000126       0x34 CMakeFiles/firmware.dir/Drivers/STM32F4xx_HAL_Driver/Src/stm32f4xx_hal.c.obj
 .ARM.attributes
                0x0000015a       0x34 CMakeFiles/firmware.dir/Drivers/STM32F4xx_HAL_Driver/Src/stm32f4xx_hal_cortex.c.obj
 .ARM.attributes
                0x0000018e       0x34 CMakeFiles/firmware.dir/Drivers/STM32F4xx_HAL_Driver/Src/stm32f4xx_hal_rcc.c.obj
 .ARM.attributes
                0x000001c2       0x21 CMakeFiles/firmware.dir/CubeMx/startup_stm32f401xe.s.obj
 .ARM.attributes
                0x000001e3       0x34 CMakeFiles/firmware.dir/UserApp/initRobot.cpp.obj
 .ARM.attributes
                0x00000217       0x34 c:/users/derman/scoop/apps/gcc-arm-none-eabi/current/bin/../lib/gcc/arm-none-eabi/12.2.1/thumb/v7e-m+fp/hard\libm.a(libm_a-sf_cos.o)
 .ARM.attributes
                0x0000024b       0x34 c:/users/derman/scoop/apps/gcc-arm-none-eabi/current/bin/../lib/gcc/arm-none-eabi/12.2.1/thumb/v7e-m+fp/hard\libm.a(libm_a-sf_sin.o)
 .ARM.attributes
                0x0000027f       0x34 c:/users/derman/scoop/apps/gcc-arm-none-eabi/current/bin/../lib/gcc/arm-none-eabi/12.2.1/thumb/v7e-m+fp/hard\libm.a(libm_a-kf_cos.o)
 .ARM.attributes
                0x000002b3       0x34 c:/users/derman/scoop/apps/gcc-arm-none-eabi/current/bin/../lib/gcc/arm-none-eabi/12.2.1/thumb/v7e-m+fp/hard\libm.a(libm_a-kf_sin.o)
 .ARM.attributes
                0x000002e7       0x34 c:/users/derman/scoop/apps/gcc-arm-none-eabi/current/bin/../lib/gcc/arm-none-eabi/12.2.1/thumb/v7e-m+fp/hard\libm.a(libm_a-ef_rem_pio2.o)
 .ARM.attributes
                0x0000031b       0x34 c:/users/derman/scoop/apps/gcc-arm-none-eabi/current/bin/../lib/gcc/arm-none-eabi/12.2.1/thumb/v7e-m+fp/hard\libm.a(libm_a-sf_fabs.o)
 .ARM.attributes
                0x0000034f       0x34 c:/users/derman/scoop/apps/gcc-arm-none-eabi/current/bin/../lib/gcc/arm-none-eabi/12.2.1/thumb/v7e-m+fp/hard\libm.a(libm_a-kf_rem_pio2.o)
 .ARM.attributes
                0x00000383       0x34 c:/users/derman/scoop/apps/gcc-arm-none-eabi/current/bin/../lib/gcc/arm-none-eabi/12.2.1/thumb/v7e-m+fp/hard\libm.a(libm_a-sf_scalbn.o)
 .ARM.attributes
                0x000003b7       0x34 c:/users/derman/scoop/apps/gcc-arm-none-eabi/current/bin/../lib/gcc/arm-none-eabi/12.2.1/thumb/v7e-m+fp/hard\libm.a(libm_a-sf_floor.o)
 .ARM.attributes
                0x000003eb       0x34 c:/users/derman/scoop/apps/gcc-arm-none-eabi/current/bin/../lib/gcc/arm-none-eabi/12.2.1/thumb/v7e-m+fp/hard\libc_nano.a(libc_a-memset.o)
 .ARM.attributes
                0x0000041f       0x34 c:/users/derman/scoop/apps/gcc-arm-none-eabi/current/bin/../lib/gcc/arm-none-eabi/12.2.1/thumb/v7e-m+fp/hard\libc_nano.a(libc_a-init.o)
 .ARM.attributes
                0x00000453       0x34 c:/users/derman/scoop/apps/gcc-arm-none-eabi/current/bin/../lib/gcc/arm-none-eabi/12.2.1/thumb/v7e-m+fp/hard\libc_nano.a(libc_a-memcpy-stub.o)
 .ARM.attributes
                0x00000487       0x22 c:/users/derman/scoop/apps/gcc-arm-none-eabi/current/bin/../lib/gcc/arm-none-eabi/12.2.1/thumb/v7e-m+fp/hard\libgcc.a(_aeabi_uldivmod.o)
 .ARM.attributes
                0x000004a9       0x34 c:/users/derman/scoop/apps/gcc-arm-none-eabi/current/bin/../lib/gcc/arm-none-eabi/12.2.1/thumb/v7e-m+fp/hard\libgcc.a(_udivmoddi4.o)
 .ARM.attributes
                0x000004dd       0x22 c:/users/derman/scoop/apps/gcc-arm-none-eabi/current/bin/../lib/gcc/arm-none-eabi/12.2.1/thumb/v7e-m+fp/hard\libgcc.a(_dvmd_tls.o)
 .ARM.attributes
                0x000004ff       0x34 c:/users/derman/scoop/apps/gcc-arm-none-eabi/current/bin/../lib/gcc/arm-none-eabi/12.2.1/thumb/v7e-m+fp/hard/crtend.o
 .ARM.attributes
                0x00000533       0x22 c:/users/derman/scoop/apps/gcc-arm-none-eabi/current/bin/../lib/gcc/arm-none-eabi/12.2.1/thumb/v7e-m+fp/hard/crtn.o
OUTPUT(firmware.elf elf32-littlearm)
LOAD linker stubs
LOAD c:/users/derman/scoop/apps/gcc-arm-none-eabi/current/bin/../lib/gcc/arm-none-eabi/12.2.1/thumb/v7e-m+fp/hard\libc.a
LOAD c:/users/derman/scoop/apps/gcc-arm-none-eabi/current/bin/../lib/gcc/arm-none-eabi/12.2.1/thumb/v7e-m+fp/hard\libm.a
LOAD c:/users/derman/scoop/apps/gcc-arm-none-eabi/current/bin/../lib/gcc/arm-none-eabi/12.2.1/thumb/v7e-m+fp/hard\libgcc.a

.debug_info     0x00000000     0x513f
 .debug_info    0x00000000      0x568 CMakeFiles/firmware.dir/Core/Src/main.c.obj
 .debug_info    0x00000568      0x291 CMakeFiles/firmware.dir/Core/Src/stm32f4xx_hal_msp.c.obj
 .debug_info    0x000007f9      0x120 CMakeFiles/firmware.dir/Core/Src/stm32f4xx_it.c.obj
 .debug_info    0x00000919      0x551 CMakeFiles/firmware.dir/Core/Src/system_stm32f4xx.c.obj
 .debug_info    0x00000e6a      0x932 CMakeFiles/firmware.dir/Drivers/STM32F4xx_HAL_Driver/Src/stm32f4xx_hal.c.obj
 .debug_info    0x0000179c      0xeef CMakeFiles/firmware.dir/Drivers/STM32F4xx_HAL_Driver/Src/stm32f4xx_hal_cortex.c.obj
 .debug_info    0x0000268b      0xab4 CMakeFiles/firmware.dir/Drivers/STM32F4xx_HAL_Driver/Src/stm32f4xx_hal_rcc.c.obj
 .debug_info    0x0000313f       0x2e CMakeFiles/firmware.dir/CubeMx/startup_stm32f401xe.s.obj
 .debug_info    0x0000316d     0x1fd2 CMakeFiles/firmware.dir/UserApp/initRobot.cpp.obj

.debug_abbrev   0x00000000     0x10a9
 .debug_abbrev  0x00000000      0x1d5 CMakeFiles/firmware.dir/Core/Src/main.c.obj
 .debug_abbrev  0x000001d5       0xd8 CMakeFiles/firmware.dir/Core/Src/stm32f4xx_hal_msp.c.obj
 .debug_abbrev  0x000002ad       0x7e CMakeFiles/firmware.dir/Core/Src/stm32f4xx_it.c.obj
 .debug_abbrev  0x0000032b      0x119 CMakeFiles/firmware.dir/Core/Src/system_stm32f4xx.c.obj
 .debug_abbrev  0x00000444      0x23c CMakeFiles/firmware.dir/Drivers/STM32F4xx_HAL_Driver/Src/stm32f4xx_hal.c.obj
 .debug_abbrev  0x00000680      0x363 CMakeFiles/firmware.dir/Drivers/STM32F4xx_HAL_Driver/Src/stm32f4xx_hal_cortex.c.obj
 .debug_abbrev  0x000009e3      0x290 CMakeFiles/firmware.dir/Drivers/STM32F4xx_HAL_Driver/Src/stm32f4xx_hal_rcc.c.obj
 .debug_abbrev  0x00000c73       0x1d CMakeFiles/firmware.dir/CubeMx/startup_stm32f401xe.s.obj
 .debug_abbrev  0x00000c90      0x419 CMakeFiles/firmware.dir/UserApp/initRobot.cpp.obj

.debug_aranges  0x00000000      0x388
 .debug_aranges
                0x00000000       0x30 CMakeFiles/firmware.dir/Core/Src/main.c.obj
 .debug_aranges
                0x00000030       0x20 CMakeFiles/firmware.dir/Core/Src/stm32f4xx_hal_msp.c.obj
 .debug_aranges
                0x00000050       0x60 CMakeFiles/firmware.dir/Core/Src/stm32f4xx_it.c.obj
 .debug_aranges
                0x000000b0       0x28 CMakeFiles/firmware.dir/Core/Src/system_stm32f4xx.c.obj
 .debug_aranges
                0x000000d8       0xf0 CMakeFiles/firmware.dir/Drivers/STM32F4xx_HAL_Driver/Src/stm32f4xx_hal.c.obj
 .debug_aranges
                0x000001c8       0xd8 CMakeFiles/firmware.dir/Drivers/STM32F4xx_HAL_Driver/Src/stm32f4xx_hal_cortex.c.obj
 .debug_aranges
                0x000002a0       0x88 CMakeFiles/firmware.dir/Drivers/STM32F4xx_HAL_Driver/Src/stm32f4xx_hal_rcc.c.obj
 .debug_aranges
                0x00000328       0x28 CMakeFiles/firmware.dir/CubeMx/startup_stm32f401xe.s.obj
 .debug_aranges
                0x00000350       0x38 CMakeFiles/firmware.dir/UserApp/initRobot.cpp.obj

.debug_rnglists
                0x00000000      0x290
 .debug_rnglists
                0x00000000       0x20 CMakeFiles/firmware.dir/Core/Src/main.c.obj
 .debug_rnglists
                0x00000020       0x13 CMakeFiles/firmware.dir/Core/Src/stm32f4xx_hal_msp.c.obj
 .debug_rnglists
                0x00000033       0x43 CMakeFiles/firmware.dir/Core/Src/stm32f4xx_it.c.obj
 .debug_rnglists
                0x00000076       0x1a CMakeFiles/firmware.dir/Core/Src/system_stm32f4xx.c.obj
 .debug_rnglists
                0x00000090       0xaf CMakeFiles/firmware.dir/Drivers/STM32F4xx_HAL_Driver/Src/stm32f4xx_hal.c.obj
 .debug_rnglists
                0x0000013f       0x9d CMakeFiles/firmware.dir/Drivers/STM32F4xx_HAL_Driver/Src/stm32f4xx_hal_cortex.c.obj
 .debug_rnglists
                0x000001dc       0x75 CMakeFiles/firmware.dir/Drivers/STM32F4xx_HAL_Driver/Src/stm32f4xx_hal_rcc.c.obj
 .debug_rnglists
                0x00000251       0x19 CMakeFiles/firmware.dir/CubeMx/startup_stm32f401xe.s.obj
 .debug_rnglists
                0x0000026a       0x26 CMakeFiles/firmware.dir/UserApp/initRobot.cpp.obj

.debug_macro    0x00000000    0x16bcb
 .debug_macro   0x00000000      0x1be CMakeFiles/firmware.dir/Core/Src/main.c.obj
 .debug_macro   0x000001be      0xaae CMakeFiles/firmware.dir/Core/Src/main.c.obj
 .debug_macro   0x00000c6c      0x28f CMakeFiles/firmware.dir/Core/Src/main.c.obj
 .debug_macro   0x00000efb       0x2e CMakeFiles/firmware.dir/Core/Src/main.c.obj
 .debug_macro   0x00000f29       0x28 CMakeFiles/firmware.dir/Core/Src/main.c.obj
 .debug_macro   0x00000f51       0x22 CMakeFiles/firmware.dir/Core/Src/main.c.obj
 .debug_macro   0x00000f73       0x8e CMakeFiles/firmware.dir/Core/Src/main.c.obj
 .debug_macro   0x00001001       0x51 CMakeFiles/firmware.dir/Core/Src/main.c.obj
 .debug_macro   0x00001052      0x103 CMakeFiles/firmware.dir/Core/Src/main.c.obj
 .debug_macro   0x00001155       0x6a CMakeFiles/firmware.dir/Core/Src/main.c.obj
 .debug_macro   0x000011bf      0x1df CMakeFiles/firmware.dir/Core/Src/main.c.obj
 .debug_macro   0x0000139e       0x1c CMakeFiles/firmware.dir/Core/Src/main.c.obj
 .debug_macro   0x000013ba       0x22 CMakeFiles/firmware.dir/Core/Src/main.c.obj
 .debug_macro   0x000013dc       0xd9 CMakeFiles/firmware.dir/Core/Src/main.c.obj
 .debug_macro   0x000014b5     0x102d CMakeFiles/firmware.dir/Core/Src/main.c.obj
 .debug_macro   0x000024e2      0x11f CMakeFiles/firmware.dir/Core/Src/main.c.obj
 .debug_macro   0x00002601     0xb86c CMakeFiles/firmware.dir/Core/Src/main.c.obj
 .debug_macro   0x0000de6d       0x6d CMakeFiles/firmware.dir/Core/Src/main.c.obj
 .debug_macro   0x0000deda     0x367e CMakeFiles/firmware.dir/Core/Src/main.c.obj
 .debug_macro   0x00011558      0x189 CMakeFiles/firmware.dir/Core/Src/main.c.obj
 .debug_macro   0x000116e1       0x5c CMakeFiles/firmware.dir/Core/Src/main.c.obj
 .debug_macro   0x0001173d      0x416 CMakeFiles/firmware.dir/Core/Src/main.c.obj
 .debug_macro   0x00011b53      0x9fe CMakeFiles/firmware.dir/Core/Src/main.c.obj
 .debug_macro   0x00012551      0x115 CMakeFiles/firmware.dir/Core/Src/main.c.obj
 .debug_macro   0x00012666       0xf8 CMakeFiles/firmware.dir/Core/Src/main.c.obj
 .debug_macro   0x0001275e       0xa5 CMakeFiles/firmware.dir/Core/Src/main.c.obj
 .debug_macro   0x00012803      0x15f CMakeFiles/firmware.dir/Core/Src/main.c.obj
 .debug_macro   0x00012962      0x287 CMakeFiles/firmware.dir/Core/Src/main.c.obj
 .debug_macro   0x00012be9       0x5f CMakeFiles/firmware.dir/Core/Src/main.c.obj
 .debug_macro   0x00012c48      0x236 CMakeFiles/firmware.dir/Core/Src/main.c.obj
 .debug_macro   0x00012e7e      0x132 CMakeFiles/firmware.dir/Core/Src/main.c.obj
 .debug_macro   0x00012fb0      0x264 CMakeFiles/firmware.dir/Core/Src/main.c.obj
 .debug_macro   0x00013214       0x2e CMakeFiles/firmware.dir/Core/Src/main.c.obj
 .debug_macro   0x00013242      0x11a CMakeFiles/firmware.dir/Core/Src/main.c.obj
 .debug_macro   0x0001335c       0x85 CMakeFiles/firmware.dir/Core/Src/main.c.obj
 .debug_macro   0x000133e1       0x89 CMakeFiles/firmware.dir/Core/Src/main.c.obj
 .debug_macro   0x0001346a      0x126 CMakeFiles/firmware.dir/Core/Src/main.c.obj
 .debug_macro   0x00013590      0x1ba CMakeFiles/firmware.dir/Core/Src/stm32f4xx_hal_msp.c.obj
 .debug_macro   0x0001374a      0x1c4 CMakeFiles/firmware.dir/Core/Src/stm32f4xx_it.c.obj
 .debug_macro   0x0001390e      0x1b0 CMakeFiles/firmware.dir/Core/Src/system_stm32f4xx.c.obj
 .debug_macro   0x00013abe      0x210 CMakeFiles/firmware.dir/Drivers/STM32F4xx_HAL_Driver/Src/stm32f4xx_hal.c.obj
 .debug_macro   0x00013cce      0x1b0 CMakeFiles/firmware.dir/Drivers/STM32F4xx_HAL_Driver/Src/stm32f4xx_hal_cortex.c.obj
 .debug_macro   0x00013e7e      0x1d4 CMakeFiles/firmware.dir/Drivers/STM32F4xx_HAL_Driver/Src/stm32f4xx_hal_rcc.c.obj
 .debug_macro   0x00014052      0x33e CMakeFiles/firmware.dir/UserApp/initRobot.cpp.obj
 .debug_macro   0x00014390      0xc4c CMakeFiles/firmware.dir/UserApp/initRobot.cpp.obj
 .debug_macro   0x00014fdc      0x1d5 CMakeFiles/firmware.dir/UserApp/initRobot.cpp.obj
 .debug_macro   0x000151b1       0x10 CMakeFiles/firmware.dir/UserApp/initRobot.cpp.obj
 .debug_macro   0x000151c1       0xcf CMakeFiles/firmware.dir/UserApp/initRobot.cpp.obj
 .debug_macro   0x00015290      0x103 CMakeFiles/firmware.dir/UserApp/initRobot.cpp.obj
 .debug_macro   0x00015393      0x345 CMakeFiles/firmware.dir/UserApp/initRobot.cpp.obj
 .debug_macro   0x000156d8       0x9c CMakeFiles/firmware.dir/UserApp/initRobot.cpp.obj
 .debug_macro   0x00015774       0x1c CMakeFiles/firmware.dir/UserApp/initRobot.cpp.obj
 .debug_macro   0x00015790       0x18 CMakeFiles/firmware.dir/UserApp/initRobot.cpp.obj
 .debug_macro   0x000157a8       0x4f CMakeFiles/firmware.dir/UserApp/initRobot.cpp.obj
 .debug_macro   0x000157f7       0x26 CMakeFiles/firmware.dir/UserApp/initRobot.cpp.obj
 .debug_macro   0x0001581d       0x18 CMakeFiles/firmware.dir/UserApp/initRobot.cpp.obj
 .debug_macro   0x00015835       0x11 CMakeFiles/firmware.dir/UserApp/initRobot.cpp.obj
 .debug_macro   0x00015846       0x17 CMakeFiles/firmware.dir/UserApp/initRobot.cpp.obj
 .debug_macro   0x0001585d       0x10 CMakeFiles/firmware.dir/UserApp/initRobot.cpp.obj
 .debug_macro   0x0001586d       0x28 CMakeFiles/firmware.dir/UserApp/initRobot.cpp.obj
 .debug_macro   0x00015895       0x2e CMakeFiles/firmware.dir/UserApp/initRobot.cpp.obj
 .debug_macro   0x000158c3       0x16 CMakeFiles/firmware.dir/UserApp/initRobot.cpp.obj
 .debug_macro   0x000158d9       0x19 CMakeFiles/firmware.dir/UserApp/initRobot.cpp.obj
 .debug_macro   0x000158f2       0x19 CMakeFiles/firmware.dir/UserApp/initRobot.cpp.obj
 .debug_macro   0x0001590b       0x88 CMakeFiles/firmware.dir/UserApp/initRobot.cpp.obj
 .debug_macro   0x00015993       0x19 CMakeFiles/firmware.dir/UserApp/initRobot.cpp.obj
 .debug_macro   0x000159ac       0x18 CMakeFiles/firmware.dir/UserApp/initRobot.cpp.obj
 .debug_macro   0x000159c4       0x5b CMakeFiles/firmware.dir/UserApp/initRobot.cpp.obj
 .debug_macro   0x00015a1f       0x2a CMakeFiles/firmware.dir/UserApp/initRobot.cpp.obj
 .debug_macro   0x00015a49       0x94 CMakeFiles/firmware.dir/UserApp/initRobot.cpp.obj
 .debug_macro   0x00015add       0x43 CMakeFiles/firmware.dir/UserApp/initRobot.cpp.obj
 .debug_macro   0x00015b20       0x34 CMakeFiles/firmware.dir/UserApp/initRobot.cpp.obj
 .debug_macro   0x00015b54      0x190 CMakeFiles/firmware.dir/UserApp/initRobot.cpp.obj
 .debug_macro   0x00015ce4       0x16 CMakeFiles/firmware.dir/UserApp/initRobot.cpp.obj
 .debug_macro   0x00015cfa       0x43 CMakeFiles/firmware.dir/UserApp/initRobot.cpp.obj
 .debug_macro   0x00015d3d       0x57 CMakeFiles/firmware.dir/UserApp/initRobot.cpp.obj
 .debug_macro   0x00015d94       0x34 CMakeFiles/firmware.dir/UserApp/initRobot.cpp.obj
 .debug_macro   0x00015dc8       0x10 CMakeFiles/firmware.dir/UserApp/initRobot.cpp.obj
 .debug_macro   0x00015dd8       0x58 CMakeFiles/firmware.dir/UserApp/initRobot.cpp.obj
 .debug_macro   0x00015e30       0x8e CMakeFiles/firmware.dir/UserApp/initRobot.cpp.obj
 .debug_macro   0x00015ebe       0x16 CMakeFiles/firmware.dir/UserApp/initRobot.cpp.obj
 .debug_macro   0x00015ed4      0x177 CMakeFiles/firmware.dir/UserApp/initRobot.cpp.obj
 .debug_macro   0x0001604b      0x38c CMakeFiles/firmware.dir/UserApp/initRobot.cpp.obj
 .debug_macro   0x000163d7      0x194 CMakeFiles/firmware.dir/UserApp/initRobot.cpp.obj
 .debug_macro   0x0001656b       0x10 CMakeFiles/firmware.dir/UserApp/initRobot.cpp.obj
 .debug_macro   0x0001657b       0x16 CMakeFiles/firmware.dir/UserApp/initRobot.cpp.obj
 .debug_macro   0x00016591       0x35 CMakeFiles/firmware.dir/UserApp/initRobot.cpp.obj
 .debug_macro   0x000165c6       0x16 CMakeFiles/firmware.dir/UserApp/initRobot.cpp.obj
 .debug_macro   0x000165dc       0x29 CMakeFiles/firmware.dir/UserApp/initRobot.cpp.obj
 .debug_macro   0x00016605       0x10 CMakeFiles/firmware.dir/UserApp/initRobot.cpp.obj
 .debug_macro   0x00016615      0x3d5 CMakeFiles/firmware.dir/UserApp/initRobot.cpp.obj
 .debug_macro   0x000169ea       0x16 CMakeFiles/firmware.dir/UserApp/initRobot.cpp.obj
 .debug_macro   0x00016a00      0x120 CMakeFiles/firmware.dir/UserApp/initRobot.cpp.obj
 .debug_macro   0x00016b20       0x11 CMakeFiles/firmware.dir/UserApp/initRobot.cpp.obj
 .debug_macro   0x00016b31       0x17 CMakeFiles/firmware.dir/UserApp/initRobot.cpp.obj
 .debug_macro   0x00016b48       0x17 CMakeFiles/firmware.dir/UserApp/initRobot.cpp.obj
 .debug_macro   0x00016b5f       0x17 CMakeFiles/firmware.dir/UserApp/initRobot.cpp.obj
 .debug_macro   0x00016b76       0x17 CMakeFiles/firmware.dir/UserApp/initRobot.cpp.obj
 .debug_macro   0x00016b8d       0x17 CMakeFiles/firmware.dir/UserApp/initRobot.cpp.obj
 .debug_macro   0x00016ba4       0x17 CMakeFiles/firmware.dir/UserApp/initRobot.cpp.obj
 .debug_macro   0x00016bbb       0x10 CMakeFiles/firmware.dir/UserApp/initRobot.cpp.obj

.debug_line     0x00000000     0x4df7
 .debug_line    0x00000000      0x764 CMakeFiles/firmware.dir/Core/Src/main.c.obj
 .debug_line    0x00000764      0x643 CMakeFiles/firmware.dir/Core/Src/stm32f4xx_hal_msp.c.obj
 .debug_line    0x00000da7      0x738 CMakeFiles/firmware.dir/Core/Src/stm32f4xx_it.c.obj
 .debug_line    0x000014df      0x6f8 CMakeFiles/firmware.dir/Core/Src/system_stm32f4xx.c.obj
 .debug_line    0x00001bd7      0x99c CMakeFiles/firmware.dir/Drivers/STM32F4xx_HAL_Driver/Src/stm32f4xx_hal.c.obj
 .debug_line    0x00002573      0xc78 CMakeFiles/firmware.dir/Drivers/STM32F4xx_HAL_Driver/Src/stm32f4xx_hal_cortex.c.obj
 .debug_line    0x000031eb      0xf2d CMakeFiles/firmware.dir/Drivers/STM32F4xx_HAL_Driver/Src/stm32f4xx_hal_rcc.c.obj
 .debug_line    0x00004118       0x7a CMakeFiles/firmware.dir/CubeMx/startup_stm32f401xe.s.obj
 .debug_line    0x00004192      0xc65 CMakeFiles/firmware.dir/UserApp/initRobot.cpp.obj

.debug_str      0x00000000    0x8962c
 .debug_str     0x00000000    0x7d157 CMakeFiles/firmware.dir/Core/Src/main.c.obj
                              0x7d3e1 (size before relaxing)
 .debug_str     0x0007d157       0x63 CMakeFiles/firmware.dir/Core/Src/stm32f4xx_hal_msp.c.obj
                              0x7d20e (size before relaxing)
 .debug_str     0x0007d1ba      0x100 CMakeFiles/firmware.dir/Core/Src/stm32f4xx_it.c.obj
                              0x7d182 (size before relaxing)
 .debug_str     0x0007d2ba      0x112 CMakeFiles/firmware.dir/Core/Src/system_stm32f4xx.c.obj
                              0x7d2be (size before relaxing)
 .debug_str     0x0007d3cc      0x9f6 CMakeFiles/firmware.dir/Drivers/STM32F4xx_HAL_Driver/Src/stm32f4xx_hal.c.obj
                              0x7dce0 (size before relaxing)
 .debug_str     0x0007ddc2      0x39c CMakeFiles/firmware.dir/Drivers/STM32F4xx_HAL_Driver/Src/stm32f4xx_hal_cortex.c.obj
                              0x7da01 (size before relaxing)
 .debug_str     0x0007e15e      0x2fc CMakeFiles/firmware.dir/Drivers/STM32F4xx_HAL_Driver/Src/stm32f4xx_hal_rcc.c.obj
                              0x7d703 (size before relaxing)
 .debug_str     0x0007e45a       0x73 CMakeFiles/firmware.dir/CubeMx/startup_stm32f401xe.s.obj
                                 0xb3 (size before relaxing)
 .debug_str     0x0007e4cd     0xb15f CMakeFiles/firmware.dir/UserApp/initRobot.cpp.obj
                               0xe5ec (size before relaxing)

.comment        0x00000000       0x45
 .comment       0x00000000       0x45 CMakeFiles/firmware.dir/Core/Src/main.c.obj
                                 0x46 (size before relaxing)
 .comment       0x00000045       0x46 CMakeFiles/firmware.dir/Core/Src/stm32f4xx_hal_msp.c.obj
 .comment       0x00000045       0x46 CMakeFiles/firmware.dir/Core/Src/stm32f4xx_it.c.obj
 .comment       0x00000045       0x46 CMakeFiles/firmware.dir/Core/Src/system_stm32f4xx.c.obj
 .comment       0x00000045       0x46 CMakeFiles/firmware.dir/Drivers/STM32F4xx_HAL_Driver/Src/stm32f4xx_hal.c.obj
 .comment       0x00000045       0x46 CMakeFiles/firmware.dir/Drivers/STM32F4xx_HAL_Driver/Src/stm32f4xx_hal_cortex.c.obj
 .comment       0x00000045       0x46 CMakeFiles/firmware.dir/Drivers/STM32F4xx_HAL_Driver/Src/stm32f4xx_hal_rcc.c.obj
 .comment       0x00000045       0x46 CMakeFiles/firmware.dir/UserApp/initRobot.cpp.obj

.debug_frame    0x00000000      0x990
 .debug_frame   0x00000000       0x58 CMakeFiles/firmware.dir/Core/Src/main.c.obj
 .debug_frame   0x00000058       0x28 CMakeFiles/firmware.dir/Core/Src/stm32f4xx_hal_msp.c.obj
 .debug_frame   0x00000080       0xa8 CMakeFiles/firmware.dir/Core/Src/stm32f4xx_it.c.obj
 .debug_frame   0x00000128       0x30 CMakeFiles/firmware.dir/Core/Src/system_stm32f4xx.c.obj
 .debug_frame   0x00000158      0x1ec CMakeFiles/firmware.dir/Drivers/STM32F4xx_HAL_Driver/Src/stm32f4xx_hal.c.obj
 .debug_frame   0x00000344      0x1cc CMakeFiles/firmware.dir/Drivers/STM32F4xx_HAL_Driver/Src/stm32f4xx_hal_cortex.c.obj
 .debug_frame   0x00000510      0x16c CMakeFiles/firmware.dir/Drivers/STM32F4xx_HAL_Driver/Src/stm32f4xx_hal_rcc.c.obj
 .debug_frame   0x0000067c       0xa8 CMakeFiles/firmware.dir/UserApp/initRobot.cpp.obj
 .debug_frame   0x00000724       0x34 c:/users/derman/scoop/apps/gcc-arm-none-eabi/current/bin/../lib/gcc/arm-none-eabi/12.2.1/thumb/v7e-m+fp/hard\libm.a(libm_a-sf_cos.o)
 .debug_frame   0x00000758       0x34 c:/users/derman/scoop/apps/gcc-arm-none-eabi/current/bin/../lib/gcc/arm-none-eabi/12.2.1/thumb/v7e-m+fp/hard\libm.a(libm_a-sf_sin.o)
 .debug_frame   0x0000078c       0x20 c:/users/derman/scoop/apps/gcc-arm-none-eabi/current/bin/../lib/gcc/arm-none-eabi/12.2.1/thumb/v7e-m+fp/hard\libm.a(libm_a-kf_cos.o)
 .debug_frame   0x000007ac       0x20 c:/users/derman/scoop/apps/gcc-arm-none-eabi/current/bin/../lib/gcc/arm-none-eabi/12.2.1/thumb/v7e-m+fp/hard\libm.a(libm_a-kf_sin.o)
 .debug_frame   0x000007cc       0x34 c:/users/derman/scoop/apps/gcc-arm-none-eabi/current/bin/../lib/gcc/arm-none-eabi/12.2.1/thumb/v7e-m+fp/hard\libm.a(libm_a-ef_rem_pio2.o)
 .debug_frame   0x00000800       0x20 c:/users/derman/scoop/apps/gcc-arm-none-eabi/current/bin/../lib/gcc/arm-none-eabi/12.2.1/thumb/v7e-m+fp/hard\libm.a(libm_a-sf_fabs.o)
 .debug_frame   0x00000820       0x5c c:/users/derman/scoop/apps/gcc-arm-none-eabi/current/bin/../lib/gcc/arm-none-eabi/12.2.1/thumb/v7e-m+fp/hard\libm.a(libm_a-kf_rem_pio2.o)
 .debug_frame   0x0000087c       0x20 c:/users/derman/scoop/apps/gcc-arm-none-eabi/current/bin/../lib/gcc/arm-none-eabi/12.2.1/thumb/v7e-m+fp/hard\libm.a(libm_a-sf_scalbn.o)
 .debug_frame   0x0000089c       0x20 c:/users/derman/scoop/apps/gcc-arm-none-eabi/current/bin/../lib/gcc/arm-none-eabi/12.2.1/thumb/v7e-m+fp/hard\libm.a(libm_a-sf_floor.o)
 .debug_frame   0x000008bc       0x20 c:/users/derman/scoop/apps/gcc-arm-none-eabi/current/bin/../lib/gcc/arm-none-eabi/12.2.1/thumb/v7e-m+fp/hard\libc_nano.a(libc_a-memset.o)
 .debug_frame   0x000008dc       0x2c c:/users/derman/scoop/apps/gcc-arm-none-eabi/current/bin/../lib/gcc/arm-none-eabi/12.2.1/thumb/v7e-m+fp/hard\libc_nano.a(libc_a-init.o)
 .debug_frame   0x00000908       0x28 c:/users/derman/scoop/apps/gcc-arm-none-eabi/current/bin/../lib/gcc/arm-none-eabi/12.2.1/thumb/v7e-m+fp/hard\libc_nano.a(libc_a-memcpy-stub.o)
 .debug_frame   0x00000930       0x2c c:/users/derman/scoop/apps/gcc-arm-none-eabi/current/bin/../lib/gcc/arm-none-eabi/12.2.1/thumb/v7e-m+fp/hard\libgcc.a(_aeabi_uldivmod.o)
 .debug_frame   0x0000095c       0x34 c:/users/derman/scoop/apps/gcc-arm-none-eabi/current/bin/../lib/gcc/arm-none-eabi/12.2.1/thumb/v7e-m+fp/hard\libgcc.a(_udivmoddi4.o)

.debug_loclists
                0x00000000      0xdb1
 .debug_loclists
                0x00000000       0xdb CMakeFiles/firmware.dir/Core/Src/system_stm32f4xx.c.obj
 .debug_loclists
                0x000000db       0xc9 CMakeFiles/firmware.dir/Drivers/STM32F4xx_HAL_Driver/Src/stm32f4xx_hal.c.obj
 .debug_loclists
                0x000001a4      0x439 CMakeFiles/firmware.dir/Drivers/STM32F4xx_HAL_Driver/Src/stm32f4xx_hal_cortex.c.obj
 .debug_loclists
                0x000005dd      0x3a9 CMakeFiles/firmware.dir/Drivers/STM32F4xx_HAL_Driver/Src/stm32f4xx_hal_rcc.c.obj
 .debug_loclists
                0x00000986      0x42b CMakeFiles/firmware.dir/UserApp/initRobot.cpp.obj

.debug_line_str
                0x00000000      0x16c
 .debug_line_str
                0x00000000       0x97 CMakeFiles/firmware.dir/CubeMx/startup_stm32f401xe.s.obj
 .debug_line_str
                0x00000097       0xc9 c:/users/derman/scoop/apps/gcc-arm-none-eabi/current/bin/../lib/gcc/arm-none-eabi/12.2.1/thumb/v7e-m+fp/hard\libgcc.a(_aeabi_uldivmod.o)
 .debug_line_str
                0x00000160        0xc c:/users/derman/scoop/apps/gcc-arm-none-eabi/current/bin/../lib/gcc/arm-none-eabi/12.2.1/thumb/v7e-m+fp/hard\libgcc.a(_dvmd_tls.o)
                                 0xcd (size before relaxing)
